Archive member included to satisfy reference by file (symbol)

c:/program files (x86)/gnu tools arm embedded/6 2017-q2-update/bin/../lib/gcc/arm-none-eabi/6.3.1/thumb/v6-m\libgcc.a(_udivsi3.o)
                              MCUXpresso/system_MKW41Z4.o (__aeabi_uidiv)
c:/program files (x86)/gnu tools arm embedded/6 2017-q2-update/bin/../lib/gcc/arm-none-eabi/6.3.1/thumb/v6-m\libgcc.a(_dvmd_tls.o)
                              c:/program files (x86)/gnu tools arm embedded/6 2017-q2-update/bin/../lib/gcc/arm-none-eabi/6.3.1/thumb/v6-m\libgcc.a(_udivsi3.o) (__aeabi_idiv0)
c:/program files (x86)/gnu tools arm embedded/6 2017-q2-update/bin/../lib/gcc/arm-none-eabi/6.3.1/../../../../arm-none-eabi/lib/thumb/v6-m\libc.a(lib_a-exit.o)
                              c:/program files (x86)/gnu tools arm embedded/6 2017-q2-update/bin/../lib/gcc/arm-none-eabi/6.3.1/../../../../arm-none-eabi/lib/thumb/v6-m/crt0.o (exit)
c:/program files (x86)/gnu tools arm embedded/6 2017-q2-update/bin/../lib/gcc/arm-none-eabi/6.3.1/../../../../arm-none-eabi/lib/thumb/v6-m\libc.a(lib_a-impure.o)
                              c:/program files (x86)/gnu tools arm embedded/6 2017-q2-update/bin/../lib/gcc/arm-none-eabi/6.3.1/../../../../arm-none-eabi/lib/thumb/v6-m\libc.a(lib_a-exit.o) (_global_impure_ptr)
c:/program files (x86)/gnu tools arm embedded/6 2017-q2-update/bin/../lib/gcc/arm-none-eabi/6.3.1/../../../../arm-none-eabi/lib/thumb/v6-m\libc.a(lib_a-init.o)
                              c:/program files (x86)/gnu tools arm embedded/6 2017-q2-update/bin/../lib/gcc/arm-none-eabi/6.3.1/../../../../arm-none-eabi/lib/thumb/v6-m/crt0.o (__libc_init_array)
c:/program files (x86)/gnu tools arm embedded/6 2017-q2-update/bin/../lib/gcc/arm-none-eabi/6.3.1/../../../../arm-none-eabi/lib/thumb/v6-m\libc.a(lib_a-memcpy-stub.o)
                              FreeRTOS/queue.o (memcpy)
c:/program files (x86)/gnu tools arm embedded/6 2017-q2-update/bin/../lib/gcc/arm-none-eabi/6.3.1/../../../../arm-none-eabi/lib/thumb/v6-m\libc.a(lib_a-memset.o)
                              c:/program files (x86)/gnu tools arm embedded/6 2017-q2-update/bin/../lib/gcc/arm-none-eabi/6.3.1/../../../../arm-none-eabi/lib/thumb/v6-m/crt0.o (memset)
c:/program files (x86)/gnu tools arm embedded/6 2017-q2-update/bin/../lib/gcc/arm-none-eabi/6.3.1/../../../../arm-none-eabi/lib/thumb/v6-m\libc.a(lib_a-__call_atexit.o)
                              c:/program files (x86)/gnu tools arm embedded/6 2017-q2-update/bin/../lib/gcc/arm-none-eabi/6.3.1/../../../../arm-none-eabi/lib/thumb/v6-m\libc.a(lib_a-exit.o) (__call_exitprocs)
c:/program files (x86)/gnu tools arm embedded/6 2017-q2-update/bin/../lib/gcc/arm-none-eabi/6.3.1/../../../../arm-none-eabi/lib/thumb/v6-m\libc.a(lib_a-atexit.o)
                              c:/program files (x86)/gnu tools arm embedded/6 2017-q2-update/bin/../lib/gcc/arm-none-eabi/6.3.1/../../../../arm-none-eabi/lib/thumb/v6-m\libc.a(lib_a-__call_atexit.o) (atexit)
c:/program files (x86)/gnu tools arm embedded/6 2017-q2-update/bin/../lib/gcc/arm-none-eabi/6.3.1/../../../../arm-none-eabi/lib/thumb/v6-m\libc.a(lib_a-fini.o)
                              c:/program files (x86)/gnu tools arm embedded/6 2017-q2-update/bin/../lib/gcc/arm-none-eabi/6.3.1/../../../../arm-none-eabi/lib/thumb/v6-m\libc.a(lib_a-__call_atexit.o) (__libc_fini_array)
c:/program files (x86)/gnu tools arm embedded/6 2017-q2-update/bin/../lib/gcc/arm-none-eabi/6.3.1/../../../../arm-none-eabi/lib/thumb/v6-m\libc.a(lib_a-lock.o)
                              c:/program files (x86)/gnu tools arm embedded/6 2017-q2-update/bin/../lib/gcc/arm-none-eabi/6.3.1/../../../../arm-none-eabi/lib/thumb/v6-m\libc.a(lib_a-__call_atexit.o) (__retarget_lock_acquire_recursive)
c:/program files (x86)/gnu tools arm embedded/6 2017-q2-update/bin/../lib/gcc/arm-none-eabi/6.3.1/../../../../arm-none-eabi/lib/thumb/v6-m\libc.a(lib_a-__atexit.o)
                              c:/program files (x86)/gnu tools arm embedded/6 2017-q2-update/bin/../lib/gcc/arm-none-eabi/6.3.1/../../../../arm-none-eabi/lib/thumb/v6-m\libc.a(lib_a-atexit.o) (__register_exitproc)
c:/program files (x86)/gnu tools arm embedded/6 2017-q2-update/bin/../lib/gcc/arm-none-eabi/6.3.1/../../../../arm-none-eabi/lib/thumb/v6-m\libnosys.a(_exit.o)
                              c:/program files (x86)/gnu tools arm embedded/6 2017-q2-update/bin/../lib/gcc/arm-none-eabi/6.3.1/../../../../arm-none-eabi/lib/thumb/v6-m\libc.a(lib_a-exit.o) (_exit)

Allocating common symbols
Common symbol       size              file

__lock___atexit_recursive_mutex
                    0x1               c:/program files (x86)/gnu tools arm embedded/6 2017-q2-update/bin/../lib/gcc/arm-none-eabi/6.3.1/../../../../arm-none-eabi/lib/thumb/v6-m\libc.a(lib_a-lock.o)
__lock___arc4random_mutex
                    0x1               c:/program files (x86)/gnu tools arm embedded/6 2017-q2-update/bin/../lib/gcc/arm-none-eabi/6.3.1/../../../../arm-none-eabi/lib/thumb/v6-m\libc.a(lib_a-lock.o)
__lock___env_recursive_mutex
                    0x1               c:/program files (x86)/gnu tools arm embedded/6 2017-q2-update/bin/../lib/gcc/arm-none-eabi/6.3.1/../../../../arm-none-eabi/lib/thumb/v6-m\libc.a(lib_a-lock.o)
__lock___sinit_recursive_mutex
                    0x1               c:/program files (x86)/gnu tools arm embedded/6 2017-q2-update/bin/../lib/gcc/arm-none-eabi/6.3.1/../../../../arm-none-eabi/lib/thumb/v6-m\libc.a(lib_a-lock.o)
__lock___malloc_recursive_mutex
                    0x1               c:/program files (x86)/gnu tools arm embedded/6 2017-q2-update/bin/../lib/gcc/arm-none-eabi/6.3.1/../../../../arm-none-eabi/lib/thumb/v6-m\libc.a(lib_a-lock.o)
__lock___at_quick_exit_mutex
                    0x1               c:/program files (x86)/gnu tools arm embedded/6 2017-q2-update/bin/../lib/gcc/arm-none-eabi/6.3.1/../../../../arm-none-eabi/lib/thumb/v6-m\libc.a(lib_a-lock.o)
__lock___dd_hash_mutex
                    0x1               c:/program files (x86)/gnu tools arm embedded/6 2017-q2-update/bin/../lib/gcc/arm-none-eabi/6.3.1/../../../../arm-none-eabi/lib/thumb/v6-m\libc.a(lib_a-lock.o)
__lock___tz_mutex   0x1               c:/program files (x86)/gnu tools arm embedded/6 2017-q2-update/bin/../lib/gcc/arm-none-eabi/6.3.1/../../../../arm-none-eabi/lib/thumb/v6-m\libc.a(lib_a-lock.o)
__lock___sfp_recursive_mutex
                    0x1               c:/program files (x86)/gnu tools arm embedded/6 2017-q2-update/bin/../lib/gcc/arm-none-eabi/6.3.1/../../../../arm-none-eabi/lib/thumb/v6-m\libc.a(lib_a-lock.o)

Discarded input sections

 .text          0x00000000        0x0 c:/program files (x86)/gnu tools arm embedded/6 2017-q2-update/bin/../lib/gcc/arm-none-eabi/6.3.1/thumb/v6-m/crti.o
 .data          0x00000000        0x0 c:/program files (x86)/gnu tools arm embedded/6 2017-q2-update/bin/../lib/gcc/arm-none-eabi/6.3.1/thumb/v6-m/crti.o
 .bss           0x00000000        0x0 c:/program files (x86)/gnu tools arm embedded/6 2017-q2-update/bin/../lib/gcc/arm-none-eabi/6.3.1/thumb/v6-m/crti.o
 .data          0x00000000        0x4 c:/program files (x86)/gnu tools arm embedded/6 2017-q2-update/bin/../lib/gcc/arm-none-eabi/6.3.1/thumb/v6-m/crtbegin.o
 .data          0x00000000        0x0 c:/program files (x86)/gnu tools arm embedded/6 2017-q2-update/bin/../lib/gcc/arm-none-eabi/6.3.1/../../../../arm-none-eabi/lib/thumb/v6-m/crt0.o
 .bss           0x00000000        0x0 c:/program files (x86)/gnu tools arm embedded/6 2017-q2-update/bin/../lib/gcc/arm-none-eabi/6.3.1/../../../../arm-none-eabi/lib/thumb/v6-m/crt0.o
 .ARM.extab     0x00000000        0x0 c:/program files (x86)/gnu tools arm embedded/6 2017-q2-update/bin/../lib/gcc/arm-none-eabi/6.3.1/../../../../arm-none-eabi/lib/thumb/v6-m/crt0.o
 .text          0x00000000        0x0 flash.o
 .data          0x00000000        0x0 flash.o
 .bss           0x00000000        0x0 flash.o
 .text          0x00000000        0x0 Keil/LED_FRDM-KW41Z.o
 .data          0x00000000        0x0 Keil/LED_FRDM-KW41Z.o
 .bss           0x00000000        0x0 Keil/LED_FRDM-KW41Z.o
 .text.LED_Uninitialize
                0x00000000        0xc Keil/LED_FRDM-KW41Z.o
 .text.LED_SetOut
                0x00000000       0x46 Keil/LED_FRDM-KW41Z.o
 .text.LED_GetCount
                0x00000000        0xc Keil/LED_FRDM-KW41Z.o
 .text          0x00000000        0x0 MCUXpresso/system_MKW41Z4.o
 .data          0x00000000        0x0 MCUXpresso/system_MKW41Z4.o
 .bss           0x00000000        0x0 MCUXpresso/system_MKW41Z4.o
 .text.SystemCoreClockUpdate
                0x00000000      0x220 MCUXpresso/system_MKW41Z4.o
 .text          0x00000000        0x0 FreeRTOS/croutine.o
 .data          0x00000000        0x0 FreeRTOS/croutine.o
 .bss           0x00000000        0x0 FreeRTOS/croutine.o
 .debug_info    0x00000000       0x93 FreeRTOS/croutine.o
 .debug_abbrev  0x00000000       0x44 FreeRTOS/croutine.o
 .debug_aranges
                0x00000000       0x18 FreeRTOS/croutine.o
 .debug_line    0x00000000      0x111 FreeRTOS/croutine.o
 .debug_str     0x00000000      0x1dd FreeRTOS/croutine.o
 .comment       0x00000000       0x80 FreeRTOS/croutine.o
 .ARM.attributes
                0x00000000       0x32 FreeRTOS/croutine.o
 .text          0x00000000        0x0 FreeRTOS/event_groups.o
 .data          0x00000000        0x0 FreeRTOS/event_groups.o
 .bss           0x00000000        0x0 FreeRTOS/event_groups.o
 .text.xEventGroupCreate
                0x00000000       0x30 FreeRTOS/event_groups.o
 .text.xEventGroupSync
                0x00000000      0x118 FreeRTOS/event_groups.o
 .text.xEventGroupWaitBits
                0x00000000      0x148 FreeRTOS/event_groups.o
 .text.xEventGroupClearBits
                0x00000000       0x4a FreeRTOS/event_groups.o
 .text.xEventGroupGetBitsFromISR
                0x00000000       0x2c FreeRTOS/event_groups.o
 .text.xEventGroupSetBits
                0x00000000       0xf2 FreeRTOS/event_groups.o
 .text.vEventGroupDelete
                0x00000000       0x54 FreeRTOS/event_groups.o
 .text.vEventGroupSetBitsCallback
                0x00000000       0x1e FreeRTOS/event_groups.o
 .text.vEventGroupClearBitsCallback
                0x00000000       0x1e FreeRTOS/event_groups.o
 .text.prvTestWaitCondition
                0x00000000       0x3e FreeRTOS/event_groups.o
 .debug_info    0x00000000      0xe39 FreeRTOS/event_groups.o
 .debug_abbrev  0x00000000      0x25a FreeRTOS/event_groups.o
 .debug_aranges
                0x00000000       0x68 FreeRTOS/event_groups.o
 .debug_ranges  0x00000000       0x58 FreeRTOS/event_groups.o
 .debug_line    0x00000000      0x455 FreeRTOS/event_groups.o
 .debug_str     0x00000000      0x91f FreeRTOS/event_groups.o
 .comment       0x00000000       0x80 FreeRTOS/event_groups.o
 .debug_frame   0x00000000      0x150 FreeRTOS/event_groups.o
 .ARM.attributes
                0x00000000       0x32 FreeRTOS/event_groups.o
 .text          0x00000000        0x0 FreeRTOS/list.o
 .data          0x00000000        0x0 FreeRTOS/list.o
 .bss           0x00000000        0x0 FreeRTOS/list.o
 .text          0x00000000        0x0 FreeRTOS/queue.o
 .data          0x00000000        0x0 FreeRTOS/queue.o
 .bss           0x00000000        0x0 FreeRTOS/queue.o
 .text.prvInitialiseMutex
                0x00000000       0x34 FreeRTOS/queue.o
 .text.xQueueCreateMutex
                0x00000000       0x38 FreeRTOS/queue.o
 .text.xQueueGiveMutexRecursive
                0x00000000       0x56 FreeRTOS/queue.o
 .text.xQueueTakeMutexRecursive
                0x00000000       0x60 FreeRTOS/queue.o
 .text.xQueueCreateCountingSemaphore
                0x00000000       0x46 FreeRTOS/queue.o
 .text.xQueueGiveFromISR
                0x00000000       0xf0 FreeRTOS/queue.o
 .text.xQueueReceiveFromISR
                0x00000000       0xc8 FreeRTOS/queue.o
 .text.xQueuePeekFromISR
                0x00000000       0x84 FreeRTOS/queue.o
 .text.uxQueueMessagesWaiting
                0x00000000       0x2a FreeRTOS/queue.o
 .text.uxQueueSpacesAvailable
                0x00000000       0x34 FreeRTOS/queue.o
 .text.uxQueueMessagesWaitingFromISR
                0x00000000       0x22 FreeRTOS/queue.o
 .text.vQueueDelete
                0x00000000       0x26 FreeRTOS/queue.o
 .text.xQueueIsQueueEmptyFromISR
                0x00000000       0x2e FreeRTOS/queue.o
 .text.xQueueIsQueueFullFromISR
                0x00000000       0x32 FreeRTOS/queue.o
 .text.xQueueCreateSet
                0x00000000       0x22 FreeRTOS/queue.o
 .text.xQueueAddToSet
                0x00000000       0x42 FreeRTOS/queue.o
 .text.xQueueRemoveFromSet
                0x00000000       0x48 FreeRTOS/queue.o
 .text.xQueueSelectFromSet
                0x00000000       0x26 FreeRTOS/queue.o
 .text.xQueueSelectFromSetFromISR
                0x00000000       0x24 FreeRTOS/queue.o
 .text          0x00000000        0x0 FreeRTOS/tasks.o
 .data          0x00000000        0x0 FreeRTOS/tasks.o
 .bss           0x00000000        0x0 FreeRTOS/tasks.o
 .text.vTaskDelete
                0x00000000       0xc8 FreeRTOS/tasks.o
 .text.vTaskDelayUntil
                0x00000000       0xb8 FreeRTOS/tasks.o
 .text.eTaskGetState
                0x00000000       0xbc FreeRTOS/tasks.o
 .text.uxTaskPriorityGet
                0x00000000       0x34 FreeRTOS/tasks.o
 .text.uxTaskPriorityGetFromISR
                0x00000000       0x3c FreeRTOS/tasks.o
 .text.vTaskPrioritySet
                0x00000000      0x124 FreeRTOS/tasks.o
 .text.vTaskSuspend
                0x00000000       0xb8 FreeRTOS/tasks.o
 .text.prvTaskIsTaskSuspended
                0x00000000       0x60 FreeRTOS/tasks.o
 .text.vTaskResume
                0x00000000       0x9c FreeRTOS/tasks.o
 .text.xTaskResumeFromISR
                0x00000000       0xbc FreeRTOS/tasks.o
 .text.vTaskEndScheduler
                0x00000000       0x1c FreeRTOS/tasks.o
 .text.xTaskGetTickCountFromISR
                0x00000000       0x20 FreeRTOS/tasks.o
 .text.uxTaskGetNumberOfTasks
                0x00000000       0x14 FreeRTOS/tasks.o
 .text.pcTaskGetName
                0x00000000       0x34 FreeRTOS/tasks.o
 .text.vTaskPlaceOnUnorderedEventList
                0x00000000       0x5c FreeRTOS/tasks.o
 .text.xTaskRemoveFromUnorderedEventList
                0x00000000       0xb0 FreeRTOS/tasks.o
 .text.xTaskGetCurrentTaskHandle
                0x00000000       0x1c FreeRTOS/tasks.o
 .text.uxTaskResetEventItemValue
                0x00000000       0x2c FreeRTOS/tasks.o
 .text.ulTaskNotifyTake
                0x00000000       0x84 FreeRTOS/tasks.o
 .text.xTaskNotifyWait
                0x00000000       0xa8 FreeRTOS/tasks.o
 .text.xTaskGenericNotify
                0x00000000      0x118 FreeRTOS/tasks.o
 .rodata.xTaskGenericNotify
                0x00000000       0x14 FreeRTOS/tasks.o
 .text.xTaskGenericNotifyFromISR
                0x00000000      0x154 FreeRTOS/tasks.o
 .rodata.xTaskGenericNotifyFromISR
                0x00000000       0x14 FreeRTOS/tasks.o
 .text.vTaskNotifyGiveFromISR
                0x00000000       0xf4 FreeRTOS/tasks.o
 .text.xTaskNotifyStateClear
                0x00000000       0x4c FreeRTOS/tasks.o
 .text          0x00000000        0x0 FreeRTOS/timers.o
 .data          0x00000000        0x0 FreeRTOS/timers.o
 .bss           0x00000000        0x0 FreeRTOS/timers.o
 .text.xTimerCreate
                0x00000000       0x3e FreeRTOS/timers.o
 .text.prvInitialiseNewTimer
                0x00000000       0x52 FreeRTOS/timers.o
 .text.xTimerGetTimerDaemonTaskHandle
                0x00000000       0x20 FreeRTOS/timers.o
 .text.xTimerGetPeriod
                0x00000000       0x22 FreeRTOS/timers.o
 .text.xTimerGetExpiryTime
                0x00000000       0x26 FreeRTOS/timers.o
 .text.pcTimerGetName
                0x00000000       0x22 FreeRTOS/timers.o
 .text.xTimerIsTimerActive
                0x00000000       0x34 FreeRTOS/timers.o
 .text.pvTimerGetTimerID
                0x00000000       0x2e FreeRTOS/timers.o
 .text.vTimerSetTimerID
                0x00000000       0x2e FreeRTOS/timers.o
 .text          0x00000000        0x0 FreeRTOS/portable/MemMang/heap_4.o
 .data          0x00000000        0x0 FreeRTOS/portable/MemMang/heap_4.o
 .bss           0x00000000        0x0 FreeRTOS/portable/MemMang/heap_4.o
 .rodata.xHeapStructSize
                0x00000000        0x4 FreeRTOS/portable/MemMang/heap_4.o
 .text.xPortGetFreeHeapSize
                0x00000000       0x14 FreeRTOS/portable/MemMang/heap_4.o
 .text.xPortGetMinimumEverFreeHeapSize
                0x00000000       0x14 FreeRTOS/portable/MemMang/heap_4.o
 .text.vPortInitialiseBlocks
                0x00000000        0xa FreeRTOS/portable/MemMang/heap_4.o
 .text          0x00000000        0x0 FreeRTOS/portable/GCC/ARM_CM0/port.o
 .data          0x00000000        0x0 FreeRTOS/portable/GCC/ARM_CM0/port.o
 .bss           0x00000000        0x0 FreeRTOS/portable/GCC/ARM_CM0/port.o
 .text.vPortEndScheduler
                0x00000000       0x20 FreeRTOS/portable/GCC/ARM_CM0/port.o
 .data          0x00000000        0x0 startup_mkw41z4.o
 .bss           0x00000000        0x0 startup_mkw41z4.o
 .data          0x00000000        0x0 c:/program files (x86)/gnu tools arm embedded/6 2017-q2-update/bin/../lib/gcc/arm-none-eabi/6.3.1/thumb/v6-m\libgcc.a(_udivsi3.o)
 .bss           0x00000000        0x0 c:/program files (x86)/gnu tools arm embedded/6 2017-q2-update/bin/../lib/gcc/arm-none-eabi/6.3.1/thumb/v6-m\libgcc.a(_udivsi3.o)
 .data          0x00000000        0x0 c:/program files (x86)/gnu tools arm embedded/6 2017-q2-update/bin/../lib/gcc/arm-none-eabi/6.3.1/thumb/v6-m\libgcc.a(_dvmd_tls.o)
 .bss           0x00000000        0x0 c:/program files (x86)/gnu tools arm embedded/6 2017-q2-update/bin/../lib/gcc/arm-none-eabi/6.3.1/thumb/v6-m\libgcc.a(_dvmd_tls.o)
 .text          0x00000000        0x0 c:/program files (x86)/gnu tools arm embedded/6 2017-q2-update/bin/../lib/gcc/arm-none-eabi/6.3.1/../../../../arm-none-eabi/lib/thumb/v6-m\libc.a(lib_a-exit.o)
 .data          0x00000000        0x0 c:/program files (x86)/gnu tools arm embedded/6 2017-q2-update/bin/../lib/gcc/arm-none-eabi/6.3.1/../../../../arm-none-eabi/lib/thumb/v6-m\libc.a(lib_a-exit.o)
 .bss           0x00000000        0x0 c:/program files (x86)/gnu tools arm embedded/6 2017-q2-update/bin/../lib/gcc/arm-none-eabi/6.3.1/../../../../arm-none-eabi/lib/thumb/v6-m\libc.a(lib_a-exit.o)
 .text          0x00000000        0x0 c:/program files (x86)/gnu tools arm embedded/6 2017-q2-update/bin/../lib/gcc/arm-none-eabi/6.3.1/../../../../arm-none-eabi/lib/thumb/v6-m\libc.a(lib_a-impure.o)
 .data          0x00000000        0x0 c:/program files (x86)/gnu tools arm embedded/6 2017-q2-update/bin/../lib/gcc/arm-none-eabi/6.3.1/../../../../arm-none-eabi/lib/thumb/v6-m\libc.a(lib_a-impure.o)
 .bss           0x00000000        0x0 c:/program files (x86)/gnu tools arm embedded/6 2017-q2-update/bin/../lib/gcc/arm-none-eabi/6.3.1/../../../../arm-none-eabi/lib/thumb/v6-m\libc.a(lib_a-impure.o)
 .data._impure_ptr
                0x00000000        0x4 c:/program files (x86)/gnu tools arm embedded/6 2017-q2-update/bin/../lib/gcc/arm-none-eabi/6.3.1/../../../../arm-none-eabi/lib/thumb/v6-m\libc.a(lib_a-impure.o)
 .text          0x00000000        0x0 c:/program files (x86)/gnu tools arm embedded/6 2017-q2-update/bin/../lib/gcc/arm-none-eabi/6.3.1/../../../../arm-none-eabi/lib/thumb/v6-m\libc.a(lib_a-init.o)
 .data          0x00000000        0x0 c:/program files (x86)/gnu tools arm embedded/6 2017-q2-update/bin/../lib/gcc/arm-none-eabi/6.3.1/../../../../arm-none-eabi/lib/thumb/v6-m\libc.a(lib_a-init.o)
 .bss           0x00000000        0x0 c:/program files (x86)/gnu tools arm embedded/6 2017-q2-update/bin/../lib/gcc/arm-none-eabi/6.3.1/../../../../arm-none-eabi/lib/thumb/v6-m\libc.a(lib_a-init.o)
 .text          0x00000000        0x0 c:/program files (x86)/gnu tools arm embedded/6 2017-q2-update/bin/../lib/gcc/arm-none-eabi/6.3.1/../../../../arm-none-eabi/lib/thumb/v6-m\libc.a(lib_a-memcpy-stub.o)
 .data          0x00000000        0x0 c:/program files (x86)/gnu tools arm embedded/6 2017-q2-update/bin/../lib/gcc/arm-none-eabi/6.3.1/../../../../arm-none-eabi/lib/thumb/v6-m\libc.a(lib_a-memcpy-stub.o)
 .bss           0x00000000        0x0 c:/program files (x86)/gnu tools arm embedded/6 2017-q2-update/bin/../lib/gcc/arm-none-eabi/6.3.1/../../../../arm-none-eabi/lib/thumb/v6-m\libc.a(lib_a-memcpy-stub.o)
 .text          0x00000000        0x0 c:/program files (x86)/gnu tools arm embedded/6 2017-q2-update/bin/../lib/gcc/arm-none-eabi/6.3.1/../../../../arm-none-eabi/lib/thumb/v6-m\libc.a(lib_a-memset.o)
 .data          0x00000000        0x0 c:/program files (x86)/gnu tools arm embedded/6 2017-q2-update/bin/../lib/gcc/arm-none-eabi/6.3.1/../../../../arm-none-eabi/lib/thumb/v6-m\libc.a(lib_a-memset.o)
 .bss           0x00000000        0x0 c:/program files (x86)/gnu tools arm embedded/6 2017-q2-update/bin/../lib/gcc/arm-none-eabi/6.3.1/../../../../arm-none-eabi/lib/thumb/v6-m\libc.a(lib_a-memset.o)
 .text          0x00000000        0x0 c:/program files (x86)/gnu tools arm embedded/6 2017-q2-update/bin/../lib/gcc/arm-none-eabi/6.3.1/../../../../arm-none-eabi/lib/thumb/v6-m\libc.a(lib_a-__call_atexit.o)
 .data          0x00000000        0x0 c:/program files (x86)/gnu tools arm embedded/6 2017-q2-update/bin/../lib/gcc/arm-none-eabi/6.3.1/../../../../arm-none-eabi/lib/thumb/v6-m\libc.a(lib_a-__call_atexit.o)
 .bss           0x00000000        0x0 c:/program files (x86)/gnu tools arm embedded/6 2017-q2-update/bin/../lib/gcc/arm-none-eabi/6.3.1/../../../../arm-none-eabi/lib/thumb/v6-m\libc.a(lib_a-__call_atexit.o)
 .text          0x00000000        0x0 c:/program files (x86)/gnu tools arm embedded/6 2017-q2-update/bin/../lib/gcc/arm-none-eabi/6.3.1/../../../../arm-none-eabi/lib/thumb/v6-m\libc.a(lib_a-atexit.o)
 .data          0x00000000        0x0 c:/program files (x86)/gnu tools arm embedded/6 2017-q2-update/bin/../lib/gcc/arm-none-eabi/6.3.1/../../../../arm-none-eabi/lib/thumb/v6-m\libc.a(lib_a-atexit.o)
 .bss           0x00000000        0x0 c:/program files (x86)/gnu tools arm embedded/6 2017-q2-update/bin/../lib/gcc/arm-none-eabi/6.3.1/../../../../arm-none-eabi/lib/thumb/v6-m\libc.a(lib_a-atexit.o)
 .text          0x00000000        0x0 c:/program files (x86)/gnu tools arm embedded/6 2017-q2-update/bin/../lib/gcc/arm-none-eabi/6.3.1/../../../../arm-none-eabi/lib/thumb/v6-m\libc.a(lib_a-fini.o)
 .data          0x00000000        0x0 c:/program files (x86)/gnu tools arm embedded/6 2017-q2-update/bin/../lib/gcc/arm-none-eabi/6.3.1/../../../../arm-none-eabi/lib/thumb/v6-m\libc.a(lib_a-fini.o)
 .bss           0x00000000        0x0 c:/program files (x86)/gnu tools arm embedded/6 2017-q2-update/bin/../lib/gcc/arm-none-eabi/6.3.1/../../../../arm-none-eabi/lib/thumb/v6-m\libc.a(lib_a-fini.o)
 .text          0x00000000        0x0 c:/program files (x86)/gnu tools arm embedded/6 2017-q2-update/bin/../lib/gcc/arm-none-eabi/6.3.1/../../../../arm-none-eabi/lib/thumb/v6-m\libc.a(lib_a-lock.o)
 .data          0x00000000        0x0 c:/program files (x86)/gnu tools arm embedded/6 2017-q2-update/bin/../lib/gcc/arm-none-eabi/6.3.1/../../../../arm-none-eabi/lib/thumb/v6-m\libc.a(lib_a-lock.o)
 .bss           0x00000000        0x0 c:/program files (x86)/gnu tools arm embedded/6 2017-q2-update/bin/../lib/gcc/arm-none-eabi/6.3.1/../../../../arm-none-eabi/lib/thumb/v6-m\libc.a(lib_a-lock.o)
 .text.__retarget_lock_init
                0x00000000        0x4 c:/program files (x86)/gnu tools arm embedded/6 2017-q2-update/bin/../lib/gcc/arm-none-eabi/6.3.1/../../../../arm-none-eabi/lib/thumb/v6-m\libc.a(lib_a-lock.o)
 .text.__retarget_lock_init_recursive
                0x00000000        0x4 c:/program files (x86)/gnu tools arm embedded/6 2017-q2-update/bin/../lib/gcc/arm-none-eabi/6.3.1/../../../../arm-none-eabi/lib/thumb/v6-m\libc.a(lib_a-lock.o)
 .text.__retarget_lock_close
                0x00000000        0x4 c:/program files (x86)/gnu tools arm embedded/6 2017-q2-update/bin/../lib/gcc/arm-none-eabi/6.3.1/../../../../arm-none-eabi/lib/thumb/v6-m\libc.a(lib_a-lock.o)
 .text.__retarget_lock_close_recursive
                0x00000000        0x4 c:/program files (x86)/gnu tools arm embedded/6 2017-q2-update/bin/../lib/gcc/arm-none-eabi/6.3.1/../../../../arm-none-eabi/lib/thumb/v6-m\libc.a(lib_a-lock.o)
 .text.__retarget_lock_acquire
                0x00000000        0x4 c:/program files (x86)/gnu tools arm embedded/6 2017-q2-update/bin/../lib/gcc/arm-none-eabi/6.3.1/../../../../arm-none-eabi/lib/thumb/v6-m\libc.a(lib_a-lock.o)
 .text.__retarget_lock_try_acquire
                0x00000000        0x4 c:/program files (x86)/gnu tools arm embedded/6 2017-q2-update/bin/../lib/gcc/arm-none-eabi/6.3.1/../../../../arm-none-eabi/lib/thumb/v6-m\libc.a(lib_a-lock.o)
 .text.__retarget_lock_try_acquire_recursive
                0x00000000        0x4 c:/program files (x86)/gnu tools arm embedded/6 2017-q2-update/bin/../lib/gcc/arm-none-eabi/6.3.1/../../../../arm-none-eabi/lib/thumb/v6-m\libc.a(lib_a-lock.o)
 .text.__retarget_lock_release
                0x00000000        0x4 c:/program files (x86)/gnu tools arm embedded/6 2017-q2-update/bin/../lib/gcc/arm-none-eabi/6.3.1/../../../../arm-none-eabi/lib/thumb/v6-m\libc.a(lib_a-lock.o)
 .text          0x00000000        0x0 c:/program files (x86)/gnu tools arm embedded/6 2017-q2-update/bin/../lib/gcc/arm-none-eabi/6.3.1/../../../../arm-none-eabi/lib/thumb/v6-m\libc.a(lib_a-__atexit.o)
 .data          0x00000000        0x0 c:/program files (x86)/gnu tools arm embedded/6 2017-q2-update/bin/../lib/gcc/arm-none-eabi/6.3.1/../../../../arm-none-eabi/lib/thumb/v6-m\libc.a(lib_a-__atexit.o)
 .bss           0x00000000        0x0 c:/program files (x86)/gnu tools arm embedded/6 2017-q2-update/bin/../lib/gcc/arm-none-eabi/6.3.1/../../../../arm-none-eabi/lib/thumb/v6-m\libc.a(lib_a-__atexit.o)
 .text          0x00000000        0x0 c:/program files (x86)/gnu tools arm embedded/6 2017-q2-update/bin/../lib/gcc/arm-none-eabi/6.3.1/../../../../arm-none-eabi/lib/thumb/v6-m\libnosys.a(_exit.o)
 .data          0x00000000        0x0 c:/program files (x86)/gnu tools arm embedded/6 2017-q2-update/bin/../lib/gcc/arm-none-eabi/6.3.1/../../../../arm-none-eabi/lib/thumb/v6-m\libnosys.a(_exit.o)
 .bss           0x00000000        0x0 c:/program files (x86)/gnu tools arm embedded/6 2017-q2-update/bin/../lib/gcc/arm-none-eabi/6.3.1/../../../../arm-none-eabi/lib/thumb/v6-m\libnosys.a(_exit.o)
 .text          0x00000000        0x0 c:/program files (x86)/gnu tools arm embedded/6 2017-q2-update/bin/../lib/gcc/arm-none-eabi/6.3.1/thumb/v6-m/crtend.o
 .data          0x00000000        0x0 c:/program files (x86)/gnu tools arm embedded/6 2017-q2-update/bin/../lib/gcc/arm-none-eabi/6.3.1/thumb/v6-m/crtend.o
 .bss           0x00000000        0x0 c:/program files (x86)/gnu tools arm embedded/6 2017-q2-update/bin/../lib/gcc/arm-none-eabi/6.3.1/thumb/v6-m/crtend.o
 .eh_frame      0x00000000        0x4 c:/program files (x86)/gnu tools arm embedded/6 2017-q2-update/bin/../lib/gcc/arm-none-eabi/6.3.1/thumb/v6-m/crtend.o
 .text          0x00000000        0x0 c:/program files (x86)/gnu tools arm embedded/6 2017-q2-update/bin/../lib/gcc/arm-none-eabi/6.3.1/thumb/v6-m/crtn.o
 .data          0x00000000        0x0 c:/program files (x86)/gnu tools arm embedded/6 2017-q2-update/bin/../lib/gcc/arm-none-eabi/6.3.1/thumb/v6-m/crtn.o
 .bss           0x00000000        0x0 c:/program files (x86)/gnu tools arm embedded/6 2017-q2-update/bin/../lib/gcc/arm-none-eabi/6.3.1/thumb/v6-m/crtn.o

Memory Configuration

Name             Origin             Length             Attributes
m_interrupts     0x00000000         0x00000200         xr
m_flash_config   0x00000400         0x00000010         xr
m_text           0x00000410         0x0007fbf0         xr
m_data           0x1fff8000         0x00020000         rw
*default*        0x00000000         0xffffffff

Linker script and memory map

LOAD c:/program files (x86)/gnu tools arm embedded/6 2017-q2-update/bin/../lib/gcc/arm-none-eabi/6.3.1/thumb/v6-m/crti.o
LOAD c:/program files (x86)/gnu tools arm embedded/6 2017-q2-update/bin/../lib/gcc/arm-none-eabi/6.3.1/thumb/v6-m/crtbegin.o
LOAD c:/program files (x86)/gnu tools arm embedded/6 2017-q2-update/bin/../lib/gcc/arm-none-eabi/6.3.1/../../../../arm-none-eabi/lib/thumb/v6-m/crt0.o
LOAD flash.o
LOAD Keil/LED_FRDM-KW41Z.o
LOAD MCUXpresso/system_MKW41Z4.o
LOAD FreeRTOS/croutine.o
LOAD FreeRTOS/event_groups.o
LOAD FreeRTOS/list.o
LOAD FreeRTOS/queue.o
LOAD FreeRTOS/tasks.o
LOAD FreeRTOS/timers.o
LOAD FreeRTOS/portable/MemMang/heap_4.o
LOAD FreeRTOS/portable/GCC/ARM_CM0/port.o
LOAD startup_mkw41z4.o
START GROUP
LOAD c:/program files (x86)/gnu tools arm embedded/6 2017-q2-update/bin/../lib/gcc/arm-none-eabi/6.3.1/thumb/v6-m\libgcc.a
LOAD c:/program files (x86)/gnu tools arm embedded/6 2017-q2-update/bin/../lib/gcc/arm-none-eabi/6.3.1/../../../../arm-none-eabi/lib/thumb/v6-m\libc.a
END GROUP
START GROUP
LOAD c:/program files (x86)/gnu tools arm embedded/6 2017-q2-update/bin/../lib/gcc/arm-none-eabi/6.3.1/thumb/v6-m\libgcc.a
LOAD c:/program files (x86)/gnu tools arm embedded/6 2017-q2-update/bin/../lib/gcc/arm-none-eabi/6.3.1/../../../../arm-none-eabi/lib/thumb/v6-m\libc.a
LOAD c:/program files (x86)/gnu tools arm embedded/6 2017-q2-update/bin/../lib/gcc/arm-none-eabi/6.3.1/../../../../arm-none-eabi/lib/thumb/v6-m\libnosys.a
END GROUP
LOAD c:/program files (x86)/gnu tools arm embedded/6 2017-q2-update/bin/../lib/gcc/arm-none-eabi/6.3.1/thumb/v6-m/crtend.o
LOAD c:/program files (x86)/gnu tools arm embedded/6 2017-q2-update/bin/../lib/gcc/arm-none-eabi/6.3.1/thumb/v6-m/crtn.o
                0x00000400                HEAP_SIZE = DEFINED (__heap_size__)?__heap_size__:0x400
                0x00000400                STACK_SIZE = DEFINED (__stack_size__)?__stack_size__:0x400
                0x00000000                M_VECTOR_RAM_SIZE = DEFINED (__ram_vector_table__)?0x200:0x0

.interrupts     0x00000000       0xc0
                0x00000000                __VECTOR_TABLE = .
                0x00000000                . = ALIGN (0x4)
 *(.isr_vector)
 .isr_vector    0x00000000       0xc0 startup_mkw41z4.o
                0x00000000                __isr_vector
                0x000000c0                . = ALIGN (0x4)

.flash_config   0x00000400       0x10
                0x00000400                . = ALIGN (0x4)
 *(.FlashConfig)
 .FlashConfig   0x00000400       0x10 startup_mkw41z4.o
                0x00000410                . = ALIGN (0x4)

.text           0x00000410     0x2af0
                0x00000410                . = ALIGN (0x4)
 *(.text)
 .text          0x00000410       0x60 c:/program files (x86)/gnu tools arm embedded/6 2017-q2-update/bin/../lib/gcc/arm-none-eabi/6.3.1/thumb/v6-m/crtbegin.o
 .text          0x00000470       0x78 c:/program files (x86)/gnu tools arm embedded/6 2017-q2-update/bin/../lib/gcc/arm-none-eabi/6.3.1/../../../../arm-none-eabi/lib/thumb/v6-m/crt0.o
                0x00000470                _start
                0x00000470                _mainCRTStartup
 .text          0x000004e8       0xc0 startup_mkw41z4.o
                0x000004e8                Reset_Handler
                0x00000530                Radio_0_IRQHandler
                0x00000530                DMA0_DriverIRQHandler
                0x00000530                CMP0_IRQHandler
                0x00000530                SPI1_DriverIRQHandler
                0x00000530                I2C0_DriverIRQHandler
                0x00000530                DMA2_DriverIRQHandler
                0x00000530                LPTMR0_IRQHandler
                0x00000530                TPM0_IRQHandler
                0x00000530                Radio_1_IRQHandler
                0x00000530                LLWU_IRQHandler
                0x00000530                TSI0_IRQHandler
                0x00000530                ADC0_IRQHandler
                0x00000530                CMT_IRQHandler
                0x00000530                FTFA_IRQHandler
                0x00000530                DefaultISR
                0x00000530                PORTB_PORTC_IRQHandler
                0x00000530                TPM2_IRQHandler
                0x00000530                RTC_IRQHandler
                0x00000530                LVD_LVW_DCDC_IRQHandler
                0x00000530                DMA3_DriverIRQHandler
                0x00000530                RTC_Seconds_IRQHandler
                0x00000530                MCG_IRQHandler
                0x00000530                TRNG0_IRQHandler
                0x00000530                Reserved20_IRQHandler
                0x00000530                LTC0_IRQHandler
                0x00000530                PIT_IRQHandler
                0x00000530                DMA1_DriverIRQHandler
                0x00000530                PORTA_IRQHandler
                0x00000530                TPM1_IRQHandler
                0x00000530                I2C1_DriverIRQHandler
                0x00000530                SPI0_DriverIRQHandler
                0x00000530                DAC0_IRQHandler
                0x00000530                LPUART0_DriverIRQHandler
                0x00000534                NMI_Handler
                0x00000538                HardFault_Handler
                0x00000548                DMA0_IRQHandler
                0x0000054c                DMA1_IRQHandler
                0x00000550                DMA2_IRQHandler
                0x00000554                DMA3_IRQHandler
                0x00000558                I2C0_IRQHandler
                0x0000055c                I2C1_IRQHandler
                0x00000560                SPI0_IRQHandler
                0x00000564                LPUART0_IRQHandler
                0x00000568                SPI1_IRQHandler
 .text          0x000005a8      0x114 c:/program files (x86)/gnu tools arm embedded/6 2017-q2-update/bin/../lib/gcc/arm-none-eabi/6.3.1/thumb/v6-m\libgcc.a(_udivsi3.o)
                0x000005a8                __aeabi_uidiv
                0x000005a8                __udivsi3
                0x000006b4                __aeabi_uidivmod
 .text          0x000006bc        0x4 c:/program files (x86)/gnu tools arm embedded/6 2017-q2-update/bin/../lib/gcc/arm-none-eabi/6.3.1/thumb/v6-m\libgcc.a(_dvmd_tls.o)
                0x000006bc                __aeabi_idiv0
                0x000006bc                __aeabi_ldiv0
 *(.text*)
 .text.main     0x000006c0       0x48 flash.o
                0x000006c0                main
 .text.prvFlashLED1Task
                0x00000708       0x2a flash.o
 .text.prvFlashLED2Task
                0x00000732       0x2a flash.o
 .text.LED_Initialize
                0x0000075c       0xe8 Keil/LED_FRDM-KW41Z.o
                0x0000075c                LED_Initialize
 .text.LED_On   0x00000844       0x38 Keil/LED_FRDM-KW41Z.o
                0x00000844                LED_On
 .text.LED_Off  0x0000087c       0x38 Keil/LED_FRDM-KW41Z.o
                0x0000087c                LED_Off
 .text.SystemInit
                0x000008b4       0x18 MCUXpresso/system_MKW41Z4.o
                0x000008b4                SystemInit
 .text.vListInitialise
                0x000008cc       0x3c FreeRTOS/list.o
                0x000008cc                vListInitialise
 .text.vListInitialiseItem
                0x00000908       0x16 FreeRTOS/list.o
                0x00000908                vListInitialiseItem
 .text.vListInsertEnd
                0x0000091e       0x44 FreeRTOS/list.o
                0x0000091e                vListInsertEnd
 .text.vListInsert
                0x00000962       0x6c FreeRTOS/list.o
                0x00000962                vListInsert
 .text.uxListRemove
                0x000009ce       0x50 FreeRTOS/list.o
                0x000009ce                uxListRemove
 .text.xQueueGenericReset
                0x00000a1e       0xa8 FreeRTOS/queue.o
                0x00000a1e                xQueueGenericReset
 .text.xQueueGenericCreate
                0x00000ac6       0x64 FreeRTOS/queue.o
                0x00000ac6                xQueueGenericCreate
 .text.prvInitialiseNewQueue
                0x00000b2a       0x4a FreeRTOS/queue.o
 .text.xQueueGenericSend
                0x00000b74      0x1a8 FreeRTOS/queue.o
                0x00000b74                xQueueGenericSend
 .text.xQueueGenericSendFromISR
                0x00000d1c      0x10a FreeRTOS/queue.o
                0x00000d1c                xQueueGenericSendFromISR
 .text.xQueueGenericReceive
                0x00000e26      0x1c8 FreeRTOS/queue.o
                0x00000e26                xQueueGenericReceive
 .text.prvCopyDataToQueue
                0x00000fee       0xd6 FreeRTOS/queue.o
 .text.prvCopyDataFromQueue
                0x000010c4       0x4c FreeRTOS/queue.o
 .text.prvUnlockQueue
                0x00001110       0xdc FreeRTOS/queue.o
 .text.prvIsQueueEmpty
                0x000011ec       0x2c FreeRTOS/queue.o
 .text.prvIsQueueFull
                0x00001218       0x30 FreeRTOS/queue.o
 .text.vQueueWaitForMessageRestricted
                0x00001248       0x66 FreeRTOS/queue.o
                0x00001248                vQueueWaitForMessageRestricted
 .text.prvNotifyQueueSetContainer
                0x000012ae       0x9a FreeRTOS/queue.o
 .text.xTaskCreate
                0x00001348       0x90 FreeRTOS/tasks.o
                0x00001348                xTaskCreate
 .text.prvInitialiseNewTask
                0x000013d8       0xf4 FreeRTOS/tasks.o
 .text.prvAddNewTaskToReadyList
                0x000014cc       0xc8 FreeRTOS/tasks.o
 .text.vTaskDelay
                0x00001594       0x4c FreeRTOS/tasks.o
                0x00001594                vTaskDelay
 .text.vTaskStartScheduler
                0x000015e0       0x78 FreeRTOS/tasks.o
                0x000015e0                vTaskStartScheduler
 .text.vTaskSuspendAll
                0x00001658       0x18 FreeRTOS/tasks.o
                0x00001658                vTaskSuspendAll
 .text.xTaskResumeAll
                0x00001670      0x118 FreeRTOS/tasks.o
                0x00001670                xTaskResumeAll
 .text.xTaskGetTickCount
                0x00001788       0x1c FreeRTOS/tasks.o
                0x00001788                xTaskGetTickCount
 .text.xTaskIncrementTick
                0x000017a4      0x168 FreeRTOS/tasks.o
                0x000017a4                xTaskIncrementTick
 .text.vTaskSwitchContext
                0x0000190c       0xa4 FreeRTOS/tasks.o
                0x0000190c                vTaskSwitchContext
 .text.vTaskPlaceOnEventList
                0x000019b0       0x3c FreeRTOS/tasks.o
                0x000019b0                vTaskPlaceOnEventList
 .text.vTaskPlaceOnEventListRestricted
                0x000019ec       0x4c FreeRTOS/tasks.o
                0x000019ec                vTaskPlaceOnEventListRestricted
 .text.xTaskRemoveFromEventList
                0x00001a38       0xb8 FreeRTOS/tasks.o
                0x00001a38                xTaskRemoveFromEventList
 .text.vTaskSetTimeOutState
                0x00001af0       0x34 FreeRTOS/tasks.o
                0x00001af0                vTaskSetTimeOutState
 .text.xTaskCheckForTimeOut
                0x00001b24       0x9c FreeRTOS/tasks.o
                0x00001b24                xTaskCheckForTimeOut
 .text.vTaskMissedYield
                0x00001bc0       0x14 FreeRTOS/tasks.o
                0x00001bc0                vTaskMissedYield
 .text.prvIdleTask
                0x00001bd4       0x20 FreeRTOS/tasks.o
 .text.prvInitialiseTaskLists
                0x00001bf4       0x88 FreeRTOS/tasks.o
 .text.prvCheckTasksWaitingTermination
                0x00001c7c       0x74 FreeRTOS/tasks.o
 .text.prvDeleteTCB
                0x00001cf0       0x22 FreeRTOS/tasks.o
 *fill*         0x00001d12        0x2 
 .text.prvResetNextTaskUnblockTime
                0x00001d14       0x48 FreeRTOS/tasks.o
 .text.xTaskGetSchedulerState
                0x00001d5c       0x38 FreeRTOS/tasks.o
                0x00001d5c                xTaskGetSchedulerState
 .text.vTaskPriorityInherit
                0x00001d94       0xbc FreeRTOS/tasks.o
                0x00001d94                vTaskPriorityInherit
 .text.xTaskPriorityDisinherit
                0x00001e50       0xb8 FreeRTOS/tasks.o
                0x00001e50                xTaskPriorityDisinherit
 .text.pvTaskIncrementMutexHeldCount
                0x00001f08       0x24 FreeRTOS/tasks.o
                0x00001f08                pvTaskIncrementMutexHeldCount
 .text.prvAddCurrentTaskToDelayedList
                0x00001f2c       0xa8 FreeRTOS/tasks.o
 .text.xTimerCreateTimerTask
                0x00001fd4       0x54 FreeRTOS/timers.o
                0x00001fd4                xTimerCreateTimerTask
 .text.xTimerGenericCommand
                0x00002028       0x9c FreeRTOS/timers.o
                0x00002028                xTimerGenericCommand
 .text.prvProcessExpiredTimer
                0x000020c4       0x70 FreeRTOS/timers.o
 .text.prvTimerTask
                0x00002134       0x28 FreeRTOS/timers.o
 .text.prvProcessTimerOrBlockTask
                0x0000215c       0x8c FreeRTOS/timers.o
 .text.prvGetNextExpireTime
                0x000021e8       0x40 FreeRTOS/timers.o
 .text.prvSampleTimeNow
                0x00002228       0x40 FreeRTOS/timers.o
 .text.prvInsertTimerInActiveList
                0x00002268       0x84 FreeRTOS/timers.o
 .text.prvProcessReceivedCommands
                0x000022ec      0x100 FreeRTOS/timers.o
 .text.prvSwitchTimerLists
                0x000023ec       0xb4 FreeRTOS/timers.o
 .text.prvCheckForValidListAndQueue
                0x000024a0       0x5c FreeRTOS/timers.o
 .text.pvPortMalloc
                0x000024fc      0x14c FreeRTOS/portable/MemMang/heap_4.o
                0x000024fc                pvPortMalloc
 .text.vPortFree
                0x00002648       0x90 FreeRTOS/portable/MemMang/heap_4.o
                0x00002648                vPortFree
 .text.prvHeapInit
                0x000026d8       0xc0 FreeRTOS/portable/MemMang/heap_4.o
 .text.prvInsertBlockIntoFreeList
                0x00002798       0xb0 FreeRTOS/portable/MemMang/heap_4.o
 .text.pxPortInitialiseStack
                0x00002848       0x54 FreeRTOS/portable/GCC/ARM_CM0/port.o
                0x00002848                pxPortInitialiseStack
 .text.prvTaskExitError
                0x0000289c       0x18 FreeRTOS/portable/GCC/ARM_CM0/port.o
 .text.SVC_Handler
                0x000028b4        0xa FreeRTOS/portable/GCC/ARM_CM0/port.o
                0x000028b4                SVC_Handler
 *fill*         0x000028be        0x2 
 .text.vPortStartFirstTask
                0x000028c0       0x38 FreeRTOS/portable/GCC/ARM_CM0/port.o
 .text.xPortStartScheduler
                0x000028f8       0x44 FreeRTOS/portable/GCC/ARM_CM0/port.o
                0x000028f8                xPortStartScheduler
 .text.vPortYield
                0x0000293c       0x20 FreeRTOS/portable/GCC/ARM_CM0/port.o
                0x0000293c                vPortYield
 .text.vPortEnterCritical
                0x0000295c       0x24 FreeRTOS/portable/GCC/ARM_CM0/port.o
                0x0000295c                vPortEnterCritical
 .text.vPortExitCritical
                0x00002980       0x30 FreeRTOS/portable/GCC/ARM_CM0/port.o
                0x00002980                vPortExitCritical
 .text.ulSetInterruptMaskFromISR
                0x000029b0        0xc FreeRTOS/portable/GCC/ARM_CM0/port.o
                0x000029b0                ulSetInterruptMaskFromISR
 .text.vClearInterruptMaskFromISR
                0x000029bc        0x8 FreeRTOS/portable/GCC/ARM_CM0/port.o
                0x000029bc                vClearInterruptMaskFromISR
 *fill*         0x000029c4        0xc 
 .text.PendSV_Handler
                0x000029d0       0x48 FreeRTOS/portable/GCC/ARM_CM0/port.o
                0x000029d0                PendSV_Handler
 .text.SysTick_Handler
                0x00002a18       0x34 FreeRTOS/portable/GCC/ARM_CM0/port.o
                0x00002a18                SysTick_Handler
 .text.prvSetupTimerInterrupt
                0x00002a4c       0x34 FreeRTOS/portable/GCC/ARM_CM0/port.o
 .text.exit     0x00002a80       0x20 c:/program files (x86)/gnu tools arm embedded/6 2017-q2-update/bin/../lib/gcc/arm-none-eabi/6.3.1/../../../../arm-none-eabi/lib/thumb/v6-m\libc.a(lib_a-exit.o)
                0x00002a80                exit
 .text.__libc_init_array
                0x00002aa0       0x48 c:/program files (x86)/gnu tools arm embedded/6 2017-q2-update/bin/../lib/gcc/arm-none-eabi/6.3.1/../../../../arm-none-eabi/lib/thumb/v6-m\libc.a(lib_a-init.o)
                0x00002aa0                __libc_init_array
 .text.memcpy   0x00002ae8       0x84 c:/program files (x86)/gnu tools arm embedded/6 2017-q2-update/bin/../lib/gcc/arm-none-eabi/6.3.1/../../../../arm-none-eabi/lib/thumb/v6-m\libc.a(lib_a-memcpy-stub.o)
                0x00002ae8                memcpy
 .text.memset   0x00002b6c       0x94 c:/program files (x86)/gnu tools arm embedded/6 2017-q2-update/bin/../lib/gcc/arm-none-eabi/6.3.1/../../../../arm-none-eabi/lib/thumb/v6-m\libc.a(lib_a-memset.o)
                0x00002b6c                memset
 .text.startup.register_fini
                0x00002c00       0x18 c:/program files (x86)/gnu tools arm embedded/6 2017-q2-update/bin/../lib/gcc/arm-none-eabi/6.3.1/../../../../arm-none-eabi/lib/thumb/v6-m\libc.a(lib_a-__call_atexit.o)
 .text.__call_exitprocs
                0x00002c18      0x110 c:/program files (x86)/gnu tools arm embedded/6 2017-q2-update/bin/../lib/gcc/arm-none-eabi/6.3.1/../../../../arm-none-eabi/lib/thumb/v6-m\libc.a(lib_a-__call_atexit.o)
                0x00002c18                __call_exitprocs
 .text.atexit   0x00002d28       0x10 c:/program files (x86)/gnu tools arm embedded/6 2017-q2-update/bin/../lib/gcc/arm-none-eabi/6.3.1/../../../../arm-none-eabi/lib/thumb/v6-m\libc.a(lib_a-atexit.o)
                0x00002d28                atexit
 .text.__libc_fini_array
                0x00002d38       0x34 c:/program files (x86)/gnu tools arm embedded/6 2017-q2-update/bin/../lib/gcc/arm-none-eabi/6.3.1/../../../../arm-none-eabi/lib/thumb/v6-m\libc.a(lib_a-fini.o)
                0x00002d38                __libc_fini_array
 .text.__retarget_lock_acquire_recursive
                0x00002d6c        0x4 c:/program files (x86)/gnu tools arm embedded/6 2017-q2-update/bin/../lib/gcc/arm-none-eabi/6.3.1/../../../../arm-none-eabi/lib/thumb/v6-m\libc.a(lib_a-lock.o)
                0x00002d6c                __retarget_lock_acquire_recursive
 .text.__retarget_lock_release_recursive
                0x00002d70        0x4 c:/program files (x86)/gnu tools arm embedded/6 2017-q2-update/bin/../lib/gcc/arm-none-eabi/6.3.1/../../../../arm-none-eabi/lib/thumb/v6-m\libc.a(lib_a-lock.o)
                0x00002d70                __retarget_lock_release_recursive
 .text.__register_exitproc
                0x00002d74       0xf4 c:/program files (x86)/gnu tools arm embedded/6 2017-q2-update/bin/../lib/gcc/arm-none-eabi/6.3.1/../../../../arm-none-eabi/lib/thumb/v6-m\libc.a(lib_a-__atexit.o)
                0x00002d74                __register_exitproc
 .text._exit    0x00002e68        0x4 c:/program files (x86)/gnu tools arm embedded/6 2017-q2-update/bin/../lib/gcc/arm-none-eabi/6.3.1/../../../../arm-none-eabi/lib/thumb/v6-m\libnosys.a(_exit.o)
                0x00002e68                _exit
 *(.rodata)
 .rodata        0x00002e6c        0xf flash.o
 *fill*         0x00002e7b        0x1 
 .rodata        0x00002e7c        0x5 FreeRTOS/tasks.o
 *fill*         0x00002e81        0x3 
 .rodata        0x00002e84        0x8 FreeRTOS/timers.o
 *(.rodata*)
 .rodata.led_pin
                0x00002e8c       0x10 Keil/LED_FRDM-KW41Z.o
                0x00002e8c                led_pin
 .rodata.led_port
                0x00002e9c       0x10 Keil/LED_FRDM-KW41Z.o
                0x00002e9c                led_port
 .rodata.led_gpio
                0x00002eac       0x10 Keil/LED_FRDM-KW41Z.o
                0x00002eac                led_gpio
 .rodata.prvProcessReceivedCommands
                0x00002ebc       0x28 FreeRTOS/timers.o
 .rodata._global_impure_ptr
                0x00002ee4        0x4 c:/program files (x86)/gnu tools arm embedded/6 2017-q2-update/bin/../lib/gcc/arm-none-eabi/6.3.1/../../../../arm-none-eabi/lib/thumb/v6-m\libc.a(lib_a-impure.o)
                0x00002ee4                _global_impure_ptr
 *(.glue_7)
 .glue_7        0x00002ee8        0x0 linker stubs
 *(.glue_7t)
 .glue_7t       0x00002ee8        0x0 linker stubs
 *(.eh_frame)
 .eh_frame      0x00002ee8        0x0 c:/program files (x86)/gnu tools arm embedded/6 2017-q2-update/bin/../lib/gcc/arm-none-eabi/6.3.1/thumb/v6-m/crtbegin.o
 *(.init)
 .init          0x00002ee8        0x4 c:/program files (x86)/gnu tools arm embedded/6 2017-q2-update/bin/../lib/gcc/arm-none-eabi/6.3.1/thumb/v6-m/crti.o
                0x00002ee8                _init
 .init          0x00002eec        0x8 c:/program files (x86)/gnu tools arm embedded/6 2017-q2-update/bin/../lib/gcc/arm-none-eabi/6.3.1/thumb/v6-m/crtn.o
 *(.fini)
 .fini          0x00002ef4        0x4 c:/program files (x86)/gnu tools arm embedded/6 2017-q2-update/bin/../lib/gcc/arm-none-eabi/6.3.1/thumb/v6-m/crti.o
                0x00002ef4                _fini
 .fini          0x00002ef8        0x8 c:/program files (x86)/gnu tools arm embedded/6 2017-q2-update/bin/../lib/gcc/arm-none-eabi/6.3.1/thumb/v6-m/crtn.o
                0x00002f00                . = ALIGN (0x4)

.vfp11_veneer   0x00002f00        0x0
 .vfp11_veneer  0x00002f00        0x0 linker stubs

.v4_bx          0x00002f00        0x0
 .v4_bx         0x00002f00        0x0 linker stubs

.iplt           0x00002f00        0x0
 .iplt          0x00002f00        0x0 c:/program files (x86)/gnu tools arm embedded/6 2017-q2-update/bin/../lib/gcc/arm-none-eabi/6.3.1/thumb/v6-m/crtbegin.o

.ARM.extab
 *(.ARM.extab* .gnu.linkonce.armextab.*)

.ARM            0x00002f00        0x8
                0x00002f00                __exidx_start = .
 *(.ARM.exidx*)
 .ARM.exidx     0x00002f00        0x8 c:/program files (x86)/gnu tools arm embedded/6 2017-q2-update/bin/../lib/gcc/arm-none-eabi/6.3.1/../../../../arm-none-eabi/lib/thumb/v6-m/crt0.o
                0x00002f08                __exidx_end = .

.rel.dyn        0x00002f08        0x0
 .rel.iplt      0x00002f08        0x0 c:/program files (x86)/gnu tools arm embedded/6 2017-q2-update/bin/../lib/gcc/arm-none-eabi/6.3.1/thumb/v6-m/crtbegin.o

.ctors          0x00002f08        0x0
                0x00002f08                __CTOR_LIST__ = .
 *crtbegin.o(.ctors)
 *crtbegin?.o(.ctors)
 *(EXCLUDE_FILE(*crtend.o *crtend?.o) .ctors)
 *(SORT(.ctors.*))
 *(.ctors)
                0x00002f08                __CTOR_END__ = .

.dtors          0x00002f08        0x0
                0x00002f08                __DTOR_LIST__ = .
 *crtbegin.o(.dtors)
 *crtbegin?.o(.dtors)
 *(EXCLUDE_FILE(*crtend.o *crtend?.o) .dtors)
 *(SORT(.dtors.*))
 *(.dtors)
                0x00002f08                __DTOR_END__ = .

.preinit_array  0x00002f08        0x0
                0x00002f08                PROVIDE (__preinit_array_start, .)
 *(.preinit_array*)
                0x00002f08                PROVIDE (__preinit_array_end, .)

.init_array     0x00002f08        0x8
                0x00002f08                PROVIDE (__init_array_start, .)
 *(SORT(.init_array.*))
 .init_array.00000
                0x00002f08        0x4 c:/program files (x86)/gnu tools arm embedded/6 2017-q2-update/bin/../lib/gcc/arm-none-eabi/6.3.1/../../../../arm-none-eabi/lib/thumb/v6-m\libc.a(lib_a-__call_atexit.o)
 *(.init_array*)
 .init_array    0x00002f0c        0x4 c:/program files (x86)/gnu tools arm embedded/6 2017-q2-update/bin/../lib/gcc/arm-none-eabi/6.3.1/thumb/v6-m/crtbegin.o
                0x00002f10                PROVIDE (__init_array_end, .)

.fini_array     0x00002f10        0x4
                0x00002f10                PROVIDE (__fini_array_start, .)
 *(SORT(.fini_array.*))
 *(.fini_array*)
 .fini_array    0x00002f10        0x4 c:/program files (x86)/gnu tools arm embedded/6 2017-q2-update/bin/../lib/gcc/arm-none-eabi/6.3.1/thumb/v6-m/crtbegin.o
                0x00002f14                PROVIDE (__fini_array_end, .)
                0x00002f14                __etext = .
                0x00002f14                __DATA_ROM = .

.mtb            0x1fff8000        0x0
                0x1fff8000                . = ALIGN (0x8)
                0x1fff8000                _mtb_start = .
 *(.mtb_buf)
                0x1fff8000                . = ALIGN (0x8)
                0x1fff8000                _mtb_end = .

.interrupts_ram
                0x1fff8000        0x0
                0x1fff8000                . = ALIGN (0x4)
                0x1fff8000                __VECTOR_RAM__ = .
                0x1fff8000                __interrupts_ram_start__ = .
 *(.m_interrupts_ram)
                0x1fff8000                . = (. + M_VECTOR_RAM_SIZE)
                0x1fff8000                . = ALIGN (0x4)
                0x1fff8000                __interrupts_ram_end__ = .
                0x00000000                __VECTOR_RAM = DEFINED (__ram_vector_table__)?__VECTOR_RAM__:ORIGIN (m_interrupts)
                0x00000000                __RAM_VECTOR_TABLE_SIZE_BYTES = DEFINED (__ram_vector_table__)?(__interrupts_ram_end__ - __interrupts_ram_start__):0x0

.data           0x1fff8000      0x438 load address 0x00002f14
                0x1fff8000                . = ALIGN (0x4)
                0x1fff8000                __DATA_RAM = .
                0x1fff8000                __data_start__ = .
 *(.data)
 *(.data*)
 .data.SystemCoreClock
                0x1fff8000        0x4 MCUXpresso/system_MKW41Z4.o
                0x1fff8000                SystemCoreClock
 .data.uxCriticalNesting
                0x1fff8004        0x4 FreeRTOS/portable/GCC/ARM_CM0/port.o
 .data.impure_data
                0x1fff8008      0x428 c:/program files (x86)/gnu tools arm embedded/6 2017-q2-update/bin/../lib/gcc/arm-none-eabi/6.3.1/../../../../arm-none-eabi/lib/thumb/v6-m\libc.a(lib_a-impure.o)
 .data.__atexit_recursive_mutex
                0x1fff8430        0x4 c:/program files (x86)/gnu tools arm embedded/6 2017-q2-update/bin/../lib/gcc/arm-none-eabi/6.3.1/../../../../arm-none-eabi/lib/thumb/v6-m\libc.a(lib_a-__call_atexit.o)
                0x1fff8430                __atexit_recursive_mutex
 *(.jcr*)
 .jcr           0x1fff8434        0x0 c:/program files (x86)/gnu tools arm embedded/6 2017-q2-update/bin/../lib/gcc/arm-none-eabi/6.3.1/thumb/v6-m/crtbegin.o
 .jcr           0x1fff8434        0x4 c:/program files (x86)/gnu tools arm embedded/6 2017-q2-update/bin/../lib/gcc/arm-none-eabi/6.3.1/thumb/v6-m/crtend.o
                0x1fff8438                . = ALIGN (0x4)
                0x1fff8438                __data_end__ = .
                0x0000334c                __DATA_END = (__DATA_ROM + (__data_end__ - __data_start__))
                0x00080000                text_end = (ORIGIN (m_text) + LENGTH (m_text))
                0x00000001                ASSERT ((__DATA_END <= text_end), region m_text overflowed with text and data)

.igot.plt       0x1fff8438        0x0 load address 0x0000334c
 .igot.plt      0x1fff8438        0x0 c:/program files (x86)/gnu tools arm embedded/6 2017-q2-update/bin/../lib/gcc/arm-none-eabi/6.3.1/thumb/v6-m/crtbegin.o

.bss            0x1fff8438     0x1198 load address 0x0000334c
                0x1fff8438                . = ALIGN (0x4)
                0x1fff8438                __START_BSS = .
                0x1fff8438                __bss_start__ = .
 *(.bss)
 .bss           0x1fff8438       0x1c c:/program files (x86)/gnu tools arm embedded/6 2017-q2-update/bin/../lib/gcc/arm-none-eabi/6.3.1/thumb/v6-m/crtbegin.o
 *(.bss*)
 .bss.pxCurrentTCB
                0x1fff8454        0x4 FreeRTOS/tasks.o
                0x1fff8454                pxCurrentTCB
 .bss.pxReadyTasksLists
                0x1fff8458       0x64 FreeRTOS/tasks.o
 .bss.xDelayedTaskList1
                0x1fff84bc       0x14 FreeRTOS/tasks.o
 .bss.xDelayedTaskList2
                0x1fff84d0       0x14 FreeRTOS/tasks.o
 .bss.pxDelayedTaskList
                0x1fff84e4        0x4 FreeRTOS/tasks.o
 .bss.pxOverflowDelayedTaskList
                0x1fff84e8        0x4 FreeRTOS/tasks.o
 .bss.xPendingReadyList
                0x1fff84ec       0x14 FreeRTOS/tasks.o
 .bss.xTasksWaitingTermination
                0x1fff8500       0x14 FreeRTOS/tasks.o
 .bss.uxDeletedTasksWaitingCleanUp
                0x1fff8514        0x4 FreeRTOS/tasks.o
 .bss.xSuspendedTaskList
                0x1fff8518       0x14 FreeRTOS/tasks.o
 .bss.uxCurrentNumberOfTasks
                0x1fff852c        0x4 FreeRTOS/tasks.o
 .bss.xTickCount
                0x1fff8530        0x4 FreeRTOS/tasks.o
 .bss.uxTopReadyPriority
                0x1fff8534        0x4 FreeRTOS/tasks.o
 .bss.xSchedulerRunning
                0x1fff8538        0x4 FreeRTOS/tasks.o
 .bss.uxPendedTicks
                0x1fff853c        0x4 FreeRTOS/tasks.o
 .bss.xYieldPending
                0x1fff8540        0x4 FreeRTOS/tasks.o
 .bss.xNumOfOverflows
                0x1fff8544        0x4 FreeRTOS/tasks.o
 .bss.uxTaskNumber
                0x1fff8548        0x4 FreeRTOS/tasks.o
 .bss.xNextTaskUnblockTime
                0x1fff854c        0x4 FreeRTOS/tasks.o
 .bss.xIdleTaskHandle
                0x1fff8550        0x4 FreeRTOS/tasks.o
 .bss.uxSchedulerSuspended
                0x1fff8554        0x4 FreeRTOS/tasks.o
 .bss.xActiveTimerList1
                0x1fff8558       0x14 FreeRTOS/timers.o
 .bss.xActiveTimerList2
                0x1fff856c       0x14 FreeRTOS/timers.o
 .bss.pxCurrentTimerList
                0x1fff8580        0x4 FreeRTOS/timers.o
 .bss.pxOverflowTimerList
                0x1fff8584        0x4 FreeRTOS/timers.o
 .bss.xTimerQueue
                0x1fff8588        0x4 FreeRTOS/timers.o
 .bss.xTimerTaskHandle
                0x1fff858c        0x4 FreeRTOS/timers.o
 .bss.xLastTime.4889
                0x1fff8590        0x4 FreeRTOS/timers.o
 .bss.ucHeap    0x1fff8594     0x1000 FreeRTOS/portable/MemMang/heap_4.o
 .bss.xStart    0x1fff9594        0x8 FreeRTOS/portable/MemMang/heap_4.o
 .bss.pxEnd     0x1fff959c        0x4 FreeRTOS/portable/MemMang/heap_4.o
 .bss.xFreeBytesRemaining
                0x1fff95a0        0x4 FreeRTOS/portable/MemMang/heap_4.o
 .bss.xMinimumEverFreeBytesRemaining
                0x1fff95a4        0x4 FreeRTOS/portable/MemMang/heap_4.o
 .bss.xBlockAllocatedBit
                0x1fff95a8        0x4 FreeRTOS/portable/MemMang/heap_4.o
 *(COMMON)
 COMMON         0x1fff95ac       0x21 c:/program files (x86)/gnu tools arm embedded/6 2017-q2-update/bin/../lib/gcc/arm-none-eabi/6.3.1/../../../../arm-none-eabi/lib/thumb/v6-m\libc.a(lib_a-lock.o)
                0x1fff95ac                __lock___atexit_recursive_mutex
                0x1fff95b0                __lock___arc4random_mutex
                0x1fff95b4                __lock___env_recursive_mutex
                0x1fff95b8                __lock___sinit_recursive_mutex
                0x1fff95bc                __lock___malloc_recursive_mutex
                0x1fff95c0                __lock___at_quick_exit_mutex
                0x1fff95c4                __lock___dd_hash_mutex
                0x1fff95c8                __lock___tz_mutex
                0x1fff95cc                __lock___sfp_recursive_mutex
                0x1fff95d0                . = ALIGN (0x4)
 *fill*         0x1fff95cd        0x3 
                0x1fff95d0                __bss_end__ = .
                0x1fff95d0                __END_BSS = .

.heap           0x1fff95d0      0x400 load address 0x000044e4
                0x1fff95d0                . = ALIGN (0x8)
                0x1fff95d0                __end__ = .
                [!provide]                PROVIDE (end, .)
                0x1fff95d0                __HeapBase = .
                0x1fff99d0                . = (. + HEAP_SIZE)
 *fill*         0x1fff95d0      0x400 
                0x1fff99d0                __HeapLimit = .
                0x1fff99d0                __heap_limit = .

.stack          0x1fff99d0      0x400 load address 0x000048e4
                0x1fff99d0                . = ALIGN (0x8)
                0x1fff9dd0                . = (. + STACK_SIZE)
 *fill*         0x1fff99d0      0x400 
                0x20018000                __StackTop = (ORIGIN (m_data) + LENGTH (m_data))
                0x20017c00                __StackLimit = (__StackTop - STACK_SIZE)
                0x20018000                PROVIDE (__stack, __StackTop)

.ARM.attributes
                0x00000000       0x28
 *(.ARM.attributes)
 .ARM.attributes
                0x00000000       0x1e c:/program files (x86)/gnu tools arm embedded/6 2017-q2-update/bin/../lib/gcc/arm-none-eabi/6.3.1/thumb/v6-m/crti.o
 .ARM.attributes
                0x0000001e       0x2c c:/program files (x86)/gnu tools arm embedded/6 2017-q2-update/bin/../lib/gcc/arm-none-eabi/6.3.1/thumb/v6-m/crtbegin.o
 .ARM.attributes
                0x0000004a       0x1b c:/program files (x86)/gnu tools arm embedded/6 2017-q2-update/bin/../lib/gcc/arm-none-eabi/6.3.1/../../../../arm-none-eabi/lib/thumb/v6-m/crt0.o
 .ARM.attributes
                0x00000065       0x32 flash.o
 .ARM.attributes
                0x00000097       0x32 Keil/LED_FRDM-KW41Z.o
 .ARM.attributes
                0x000000c9       0x32 MCUXpresso/system_MKW41Z4.o
 .ARM.attributes
                0x000000fb       0x32 FreeRTOS/list.o
 .ARM.attributes
                0x0000012d       0x32 FreeRTOS/queue.o
 .ARM.attributes
                0x0000015f       0x32 FreeRTOS/tasks.o
 .ARM.attributes
                0x00000191       0x32 FreeRTOS/timers.o
 .ARM.attributes
                0x000001c3       0x32 FreeRTOS/portable/MemMang/heap_4.o
 .ARM.attributes
                0x000001f5       0x32 FreeRTOS/portable/GCC/ARM_CM0/port.o
 .ARM.attributes
                0x00000227       0x1b startup_mkw41z4.o
 .ARM.attributes
                0x00000242       0x1e c:/program files (x86)/gnu tools arm embedded/6 2017-q2-update/bin/../lib/gcc/arm-none-eabi/6.3.1/thumb/v6-m\libgcc.a(_udivsi3.o)
 .ARM.attributes
                0x00000260       0x1e c:/program files (x86)/gnu tools arm embedded/6 2017-q2-update/bin/../lib/gcc/arm-none-eabi/6.3.1/thumb/v6-m\libgcc.a(_dvmd_tls.o)
 .ARM.attributes
                0x0000027e       0x2c c:/program files (x86)/gnu tools arm embedded/6 2017-q2-update/bin/../lib/gcc/arm-none-eabi/6.3.1/../../../../arm-none-eabi/lib/thumb/v6-m\libc.a(lib_a-exit.o)
 .ARM.attributes
                0x000002aa       0x2c c:/program files (x86)/gnu tools arm embedded/6 2017-q2-update/bin/../lib/gcc/arm-none-eabi/6.3.1/../../../../arm-none-eabi/lib/thumb/v6-m\libc.a(lib_a-impure.o)
 .ARM.attributes
                0x000002d6       0x2c c:/program files (x86)/gnu tools arm embedded/6 2017-q2-update/bin/../lib/gcc/arm-none-eabi/6.3.1/../../../../arm-none-eabi/lib/thumb/v6-m\libc.a(lib_a-init.o)
 .ARM.attributes
                0x00000302       0x2c c:/program files (x86)/gnu tools arm embedded/6 2017-q2-update/bin/../lib/gcc/arm-none-eabi/6.3.1/../../../../arm-none-eabi/lib/thumb/v6-m\libc.a(lib_a-memcpy-stub.o)
 .ARM.attributes
                0x0000032e       0x2c c:/program files (x86)/gnu tools arm embedded/6 2017-q2-update/bin/../lib/gcc/arm-none-eabi/6.3.1/../../../../arm-none-eabi/lib/thumb/v6-m\libc.a(lib_a-memset.o)
 .ARM.attributes
                0x0000035a       0x2c c:/program files (x86)/gnu tools arm embedded/6 2017-q2-update/bin/../lib/gcc/arm-none-eabi/6.3.1/../../../../arm-none-eabi/lib/thumb/v6-m\libc.a(lib_a-__call_atexit.o)
 .ARM.attributes
                0x00000386       0x2c c:/program files (x86)/gnu tools arm embedded/6 2017-q2-update/bin/../lib/gcc/arm-none-eabi/6.3.1/../../../../arm-none-eabi/lib/thumb/v6-m\libc.a(lib_a-atexit.o)
 .ARM.attributes
                0x000003b2       0x2c c:/program files (x86)/gnu tools arm embedded/6 2017-q2-update/bin/../lib/gcc/arm-none-eabi/6.3.1/../../../../arm-none-eabi/lib/thumb/v6-m\libc.a(lib_a-fini.o)
 .ARM.attributes
                0x000003de       0x2c c:/program files (x86)/gnu tools arm embedded/6 2017-q2-update/bin/../lib/gcc/arm-none-eabi/6.3.1/../../../../arm-none-eabi/lib/thumb/v6-m\libc.a(lib_a-lock.o)
 .ARM.attributes
                0x0000040a       0x2c c:/program files (x86)/gnu tools arm embedded/6 2017-q2-update/bin/../lib/gcc/arm-none-eabi/6.3.1/../../../../arm-none-eabi/lib/thumb/v6-m\libc.a(lib_a-__atexit.o)
 .ARM.attributes
                0x00000436       0x2c c:/program files (x86)/gnu tools arm embedded/6 2017-q2-update/bin/../lib/gcc/arm-none-eabi/6.3.1/../../../../arm-none-eabi/lib/thumb/v6-m\libnosys.a(_exit.o)
 .ARM.attributes
                0x00000462       0x2c c:/program files (x86)/gnu tools arm embedded/6 2017-q2-update/bin/../lib/gcc/arm-none-eabi/6.3.1/thumb/v6-m/crtend.o
 .ARM.attributes
                0x0000048e       0x1e c:/program files (x86)/gnu tools arm embedded/6 2017-q2-update/bin/../lib/gcc/arm-none-eabi/6.3.1/thumb/v6-m/crtn.o
                0x00000001                ASSERT ((__StackLimit >= __HeapLimit), region m_data overflowed with stack and heap)
OUTPUT(flash.elf elf32-littlearm)

.debug_info     0x00000000     0x65a1
 .debug_info    0x00000000      0x110 flash.o
 .debug_info    0x00000110      0x499 Keil/LED_FRDM-KW41Z.o
 .debug_info    0x000005a9      0x3c7 MCUXpresso/system_MKW41Z4.o
 .debug_info    0x00000970      0xacc FreeRTOS/list.o
 .debug_info    0x0000143c     0x1678 FreeRTOS/queue.o
 .debug_info    0x00002ab4     0x1ba4 FreeRTOS/tasks.o
 .debug_info    0x00004658     0x1168 FreeRTOS/timers.o
 .debug_info    0x000057c0      0xb25 FreeRTOS/portable/MemMang/heap_4.o
 .debug_info    0x000062e5      0x24e FreeRTOS/portable/GCC/ARM_CM0/port.o
 .debug_info    0x00006533       0x6e startup_mkw41z4.o

.debug_abbrev   0x00000000     0x1131
 .debug_abbrev  0x00000000       0x90 flash.o
 .debug_abbrev  0x00000090      0x16f Keil/LED_FRDM-KW41Z.o
 .debug_abbrev  0x000001ff      0x113 MCUXpresso/system_MKW41Z4.o
 .debug_abbrev  0x00000312      0x1fb FreeRTOS/list.o
 .debug_abbrev  0x0000050d      0x26b FreeRTOS/queue.o
 .debug_abbrev  0x00000778      0x30f FreeRTOS/tasks.o
 .debug_abbrev  0x00000a87      0x2a4 FreeRTOS/timers.o
 .debug_abbrev  0x00000d2b      0x270 FreeRTOS/portable/MemMang/heap_4.o
 .debug_abbrev  0x00000f9b      0x182 FreeRTOS/portable/GCC/ARM_CM0/port.o
 .debug_abbrev  0x0000111d       0x14 startup_mkw41z4.o

.debug_aranges  0x00000000      0x550
 .debug_aranges
                0x00000000       0x30 flash.o
 .debug_aranges
                0x00000030       0x48 Keil/LED_FRDM-KW41Z.o
 .debug_aranges
                0x00000078       0x28 MCUXpresso/system_MKW41Z4.o
 .debug_aranges
                0x000000a0       0x40 FreeRTOS/list.o
 .debug_aranges
                0x000000e0      0x118 FreeRTOS/queue.o
 .debug_aranges
                0x000001f8      0x1a8 FreeRTOS/tasks.o
 .debug_aranges
                0x000003a0       0xb8 FreeRTOS/timers.o
 .debug_aranges
                0x00000458       0x50 FreeRTOS/portable/MemMang/heap_4.o
 .debug_aranges
                0x000004a8       0x88 FreeRTOS/portable/GCC/ARM_CM0/port.o
 .debug_aranges
                0x00000530       0x20 startup_mkw41z4.o

.debug_ranges   0x00000000      0x4a0
 .debug_ranges  0x00000000       0x20 flash.o
 .debug_ranges  0x00000020       0x38 Keil/LED_FRDM-KW41Z.o
 .debug_ranges  0x00000058       0x18 MCUXpresso/system_MKW41Z4.o
 .debug_ranges  0x00000070       0x30 FreeRTOS/list.o
 .debug_ranges  0x000000a0      0x108 FreeRTOS/queue.o
 .debug_ranges  0x000001a8      0x198 FreeRTOS/tasks.o
 .debug_ranges  0x00000340       0xa8 FreeRTOS/timers.o
 .debug_ranges  0x000003e8       0x40 FreeRTOS/portable/MemMang/heap_4.o
 .debug_ranges  0x00000428       0x78 FreeRTOS/portable/GCC/ARM_CM0/port.o

.debug_line     0x00000000     0x288d
 .debug_line    0x00000000      0x1b6 flash.o
 .debug_line    0x000001b6      0x1ea Keil/LED_FRDM-KW41Z.o
 .debug_line    0x000003a0      0x19c MCUXpresso/system_MKW41Z4.o
 .debug_line    0x0000053c      0x2da FreeRTOS/list.o
 .debug_line    0x00000816      0x8a2 FreeRTOS/queue.o
 .debug_line    0x000010b8      0xc1e FreeRTOS/tasks.o
 .debug_line    0x00001cd6      0x518 FreeRTOS/timers.o
 .debug_line    0x000021ee      0x34c FreeRTOS/portable/MemMang/heap_4.o
 .debug_line    0x0000253a      0x29f FreeRTOS/portable/GCC/ARM_CM0/port.o
 .debug_line    0x000027d9       0xb4 startup_mkw41z4.o

.debug_str      0x00000000     0x209b
 .debug_str     0x00000000      0x1c5 flash.o
                                0x207 (size before relaxing)
 .debug_str     0x000001c5      0x19b Keil/LED_FRDM-KW41Z.o
                                0x360 (size before relaxing)
 .debug_str     0x00000360       0x71 MCUXpresso/system_MKW41Z4.o
                                0x308 (size before relaxing)
 .debug_str     0x000003d1      0x607 FreeRTOS/list.o
                                0x6fe (size before relaxing)
 .debug_str     0x000009d8      0x57e FreeRTOS/queue.o
                                0xc44 (size before relaxing)
 .debug_str     0x00000f56      0xa01 FreeRTOS/tasks.o
                               0x115d (size before relaxing)
 .debug_str     0x00001957      0x41b FreeRTOS/timers.o
                                0xb1d (size before relaxing)
 .debug_str     0x00001d72      0x1cd FreeRTOS/portable/MemMang/heap_4.o
                                0x7a9 (size before relaxing)
 .debug_str     0x00001f3f      0x15c FreeRTOS/portable/GCC/ARM_CM0/port.o
                                0x37c (size before relaxing)

.comment        0x00000000       0x7f
 .comment       0x00000000       0x7f flash.o
                                 0x80 (size before relaxing)
 .comment       0x0000007f       0x80 Keil/LED_FRDM-KW41Z.o
 .comment       0x0000007f       0x80 MCUXpresso/system_MKW41Z4.o
 .comment       0x0000007f       0x80 FreeRTOS/list.o
 .comment       0x0000007f       0x80 FreeRTOS/queue.o
 .comment       0x0000007f       0x80 FreeRTOS/tasks.o
 .comment       0x0000007f       0x80 FreeRTOS/timers.o
 .comment       0x0000007f       0x80 FreeRTOS/portable/MemMang/heap_4.o
 .comment       0x0000007f       0x80 FreeRTOS/portable/GCC/ARM_CM0/port.o

.debug_frame    0x00000000     0x13e8
 .debug_frame   0x00000000       0x70 flash.o
 .debug_frame   0x00000070       0xc8 Keil/LED_FRDM-KW41Z.o
 .debug_frame   0x00000138       0x4c MCUXpresso/system_MKW41Z4.o
 .debug_frame   0x00000184       0xb0 FreeRTOS/list.o
 .debug_frame   0x00000234      0x410 FreeRTOS/queue.o
 .debug_frame   0x00000644      0x63c FreeRTOS/tasks.o
 .debug_frame   0x00000c80      0x288 FreeRTOS/timers.o
 .debug_frame   0x00000f08       0xe4 FreeRTOS/portable/MemMang/heap_4.o
 .debug_frame   0x00000fec      0x174 FreeRTOS/portable/GCC/ARM_CM0/port.o
 .debug_frame   0x00001160       0x20 c:/program files (x86)/gnu tools arm embedded/6 2017-q2-update/bin/../lib/gcc/arm-none-eabi/6.3.1/thumb/v6-m\libgcc.a(_udivsi3.o)
 .debug_frame   0x00001180       0x28 c:/program files (x86)/gnu tools arm embedded/6 2017-q2-update/bin/../lib/gcc/arm-none-eabi/6.3.1/../../../../arm-none-eabi/lib/thumb/v6-m\libc.a(lib_a-exit.o)
 .debug_frame   0x000011a8       0x2c c:/program files (x86)/gnu tools arm embedded/6 2017-q2-update/bin/../lib/gcc/arm-none-eabi/6.3.1/../../../../arm-none-eabi/lib/thumb/v6-m\libc.a(lib_a-init.o)
 .debug_frame   0x000011d4       0x30 c:/program files (x86)/gnu tools arm embedded/6 2017-q2-update/bin/../lib/gcc/arm-none-eabi/6.3.1/../../../../arm-none-eabi/lib/thumb/v6-m\libc.a(lib_a-memcpy-stub.o)
 .debug_frame   0x00001204       0x30 c:/program files (x86)/gnu tools arm embedded/6 2017-q2-update/bin/../lib/gcc/arm-none-eabi/6.3.1/../../../../arm-none-eabi/lib/thumb/v6-m\libc.a(lib_a-memset.o)
 .debug_frame   0x00001234       0x54 c:/program files (x86)/gnu tools arm embedded/6 2017-q2-update/bin/../lib/gcc/arm-none-eabi/6.3.1/../../../../arm-none-eabi/lib/thumb/v6-m\libc.a(lib_a-__call_atexit.o)
 .debug_frame   0x00001288       0x28 c:/program files (x86)/gnu tools arm embedded/6 2017-q2-update/bin/../lib/gcc/arm-none-eabi/6.3.1/../../../../arm-none-eabi/lib/thumb/v6-m\libc.a(lib_a-atexit.o)
 .debug_frame   0x000012b0       0x2c c:/program files (x86)/gnu tools arm embedded/6 2017-q2-update/bin/../lib/gcc/arm-none-eabi/6.3.1/../../../../arm-none-eabi/lib/thumb/v6-m\libc.a(lib_a-fini.o)
 .debug_frame   0x000012dc       0xb0 c:/program files (x86)/gnu tools arm embedded/6 2017-q2-update/bin/../lib/gcc/arm-none-eabi/6.3.1/../../../../arm-none-eabi/lib/thumb/v6-m\libc.a(lib_a-lock.o)
 .debug_frame   0x0000138c       0x3c c:/program files (x86)/gnu tools arm embedded/6 2017-q2-update/bin/../lib/gcc/arm-none-eabi/6.3.1/../../../../arm-none-eabi/lib/thumb/v6-m\libc.a(lib_a-__atexit.o)
 .debug_frame   0x000013c8       0x20 c:/program files (x86)/gnu tools arm embedded/6 2017-q2-update/bin/../lib/gcc/arm-none-eabi/6.3.1/../../../../arm-none-eabi/lib/thumb/v6-m\libnosys.a(_exit.o)
